// Jest Snapshot v1, https://goo.gl/fbAQLP

exports[`codegen string 1`] = `"return function render_ctx, _cache{return 'hi'}"`;
